OpenJDK 64-Bit Server VM (25.91-b14) for linux-amd64 JRE (1.8.0_91-8u91-b14-2-b14), built on Apr 22 2016 23:10:09 by "buildd" with gcc 5.3.1 20160409
Memory: 4k page, physical 132271440k(31968680k free), swap 5324796k(5324796k free)
CommandLine flags: -XX:InitialHeapSize=2116343040 -XX:MaxHeapSize=2147483648 -XX:+PrintGC -XX:+PrintGCDetails -XX:+PrintGCTimeStamps -XX:+UseCompressedClassPointers -XX:+UseCompressedOops -XX:+UseParallelGC 
0.680: [GC (Allocation Failure) [PSYoungGen: 517120K->26606K(603136K)] 517120K->26614K(1982464K), 0.0136460 secs] [Times: user=0.05 sys=0.06, real=0.01 secs] 
0.975: [GC (Allocation Failure) [PSYoungGen: 543726K->37954K(612864K)] 543734K->37970K(1992192K), 0.0458992 secs] [Times: user=0.53 sys=0.03, real=0.05 secs] 
1.063: [GC (Allocation Failure) [PSYoungGen: 564802K->37794K(612864K)] 564818K->37810K(1992192K), 0.0175281 secs] [Times: user=0.24 sys=0.03, real=0.02 secs] 
1.108: [GC (Allocation Failure) [PSYoungGen: 564642K->38034K(612864K)] 564658K->38058K(1992192K), 0.0110729 secs] [Times: user=0.20 sys=0.00, real=0.01 secs] 
1.146: [GC (Allocation Failure) [PSYoungGen: 564882K->38194K(565248K)] 564906K->38226K(1944576K), 0.0171977 secs] [Times: user=0.27 sys=0.01, real=0.02 secs] 
1.198: [GC (Allocation Failure) [PSYoungGen: 565042K->38242K(571904K)] 565074K->38274K(1951232K), 0.0223036 secs] [Times: user=0.45 sys=0.12, real=0.02 secs] 
1.254: [GC (Allocation Failure) [PSYoungGen: 565090K->1472K(571904K)] 565122K->38671K(1951232K), 0.0099375 secs] [Times: user=0.08 sys=0.11, real=0.01 secs] 
1.289: [GC (Allocation Failure) [PSYoungGen: 528320K->1216K(640512K)] 565519K->38807K(2019840K), 0.0050478 secs] [Times: user=0.08 sys=0.00, real=0.00 secs] 
1.324: [GC (Allocation Failure) [PSYoungGen: 590528K->1152K(590848K)] 628119K->38991K(1970176K), 0.0049472 secs] [Times: user=0.09 sys=0.00, real=0.01 secs] 
1.361: [GC (Allocation Failure) [PSYoungGen: 590464K->1120K(640000K)] 628303K->39007K(2019328K), 0.0035040 secs] [Times: user=0.03 sys=0.01, real=0.00 secs] 
1.397: [GC (Allocation Failure) [PSYoungGen: 584288K->1120K(641024K)] 622175K->39119K(2020352K), 0.0035229 secs] [Times: user=0.06 sys=0.00, real=0.00 secs] 
1.433: [GC (Allocation Failure) [PSYoungGen: 584288K->960K(640000K)] 622287K->38975K(2019328K), 0.0041457 secs] [Times: user=0.06 sys=0.00, real=0.01 secs] 
1.468: [GC (Allocation Failure) [PSYoungGen: 584128K->992K(640512K)] 622143K->39039K(2019840K), 0.0043012 secs] [Times: user=0.08 sys=0.00, real=0.00 secs] 
1.504: [GC (Allocation Failure) [PSYoungGen: 584160K->1152K(638976K)] 622207K->39223K(2018304K), 0.0039779 secs] [Times: user=0.04 sys=0.01, real=0.01 secs] 
1.539: [GC (Allocation Failure) [PSYoungGen: 586368K->1184K(640000K)] 624439K->39287K(2019328K), 0.0037294 secs] [Times: user=0.04 sys=0.01, real=0.00 secs] 
1.576: [GC (Allocation Failure) [PSYoungGen: 586400K->1088K(641536K)] 624503K->39215K(2020864K), 0.0039729 secs] [Times: user=0.04 sys=0.01, real=0.00 secs] 
1.613: [GC (Allocation Failure) [PSYoungGen: 591936K->1152K(642560K)] 630063K->39303K(2021888K), 0.0043605 secs] [Times: user=0.07 sys=0.00, real=0.01 secs] 
1.650: [GC (Allocation Failure) [PSYoungGen: 592000K->1056K(644096K)] 630151K->39239K(2023424K), 0.0038006 secs] [Times: user=0.07 sys=0.00, real=0.00 secs] 
1.686: [GC (Allocation Failure) [PSYoungGen: 598560K->992K(645120K)] 636743K->39207K(2024448K), 0.0042073 secs] [Times: user=0.00 sys=0.00, real=0.01 secs] 
1.723: [GC (Allocation Failure) [PSYoungGen: 598496K->1088K(647168K)] 636711K->39327K(2026496K), 0.0038205 secs] [Times: user=0.00 sys=0.00, real=0.00 secs] 
1.760: [GC (Allocation Failure) [PSYoungGen: 606784K->1088K(648704K)] 645023K->39359K(2028032K), 0.0037323 secs] [Times: user=0.05 sys=0.00, real=0.00 secs] 
1.801: [GC (Allocation Failure) [PSYoungGen: 606784K->1088K(652288K)] 645055K->39391K(2031616K), 0.0042963 secs] [Times: user=0.04 sys=0.00, real=0.00 secs] 
1.839: [GC (Allocation Failure) [PSYoungGen: 616000K->1152K(653824K)] 654303K->39463K(2033152K), 0.0042822 secs] [Times: user=0.06 sys=0.00, real=0.00 secs] 
1.876: [GC (Allocation Failure) [PSYoungGen: 616064K->1088K(656384K)] 654375K->39431K(2035712K), 0.0037046 secs] [Times: user=0.04 sys=0.00, real=0.00 secs] 
1.915: [GC (Allocation Failure) [PSYoungGen: 624192K->1056K(657920K)] 662535K->39431K(2037248K), 0.0042353 secs] [Times: user=0.04 sys=0.01, real=0.00 secs] 
1.955: [GC (Allocation Failure) [PSYoungGen: 624160K->1024K(660480K)] 662535K->39431K(2039808K), 0.0042091 secs] [Times: user=0.05 sys=0.00, real=0.01 secs] 
1.995: [GC (Allocation Failure) [PSYoungGen: 632320K->1024K(662016K)] 670727K->39463K(2041344K), 0.0046194 secs] [Times: user=0.06 sys=0.01, real=0.00 secs] 
2.037: [GC (Allocation Failure) [PSYoungGen: 632320K->1024K(665600K)] 670759K->39495K(2044928K), 0.0038605 secs] [Times: user=0.06 sys=0.00, real=0.00 secs] 
2.078: [GC (Allocation Failure) [PSYoungGen: 640512K->1088K(666624K)] 678983K->39591K(2045952K), 0.0037320 secs] [Times: user=0.05 sys=0.00, real=0.00 secs] 
2.117: [GC (Allocation Failure) [PSYoungGen: 640576K->960K(668160K)] 679079K->39487K(2047488K), 0.0043109 secs] [Times: user=0.06 sys=0.00, real=0.00 secs] 
2.159: [GC (Allocation Failure) [PSYoungGen: 647104K->1088K(669696K)] 685631K->39623K(2049024K), 0.0036223 secs] [Times: user=0.04 sys=0.00, real=0.00 secs] 
2.197: [GC (Allocation Failure) [PSYoungGen: 647232K->1088K(672256K)] 685767K->39631K(2051584K), 0.0034599 secs] [Times: user=0.05 sys=0.00, real=0.00 secs] 
2.236: [GC (Allocation Failure) [PSYoungGen: 654400K->1024K(673792K)] 692943K->39599K(2053120K), 0.0036849 secs] [Times: user=0.04 sys=0.00, real=0.00 secs] 
2.274: [GC (Allocation Failure) [PSYoungGen: 654336K->1184K(674816K)] 692911K->39783K(2054144K), 0.0044889 secs] [Times: user=0.03 sys=0.01, real=0.01 secs] 
2.314: [GC (Allocation Failure) [PSYoungGen: 660128K->1120K(676864K)] 698727K->39751K(2056192K), 0.0048680 secs] [Times: user=0.06 sys=0.01, real=0.01 secs] 
2.356: [GC (Allocation Failure) [PSYoungGen: 660064K->1056K(677888K)] 698695K->39719K(2057216K), 0.0048628 secs] [Times: user=0.07 sys=0.00, real=0.00 secs] 
2.397: [GC (Allocation Failure) [PSYoungGen: 665120K->1088K(679936K)] 703783K->39783K(2059264K), 0.0034792 secs] [Times: user=0.05 sys=0.00, real=0.00 secs] 
2.436: [GC (Allocation Failure) [PSYoungGen: 665152K->1120K(679936K)] 703847K->39847K(2059264K), 0.0043676 secs] [Times: user=0.06 sys=0.00, real=0.00 secs] 
2.476: [GC (Allocation Failure) [PSYoungGen: 669280K->1088K(681984K)] 708007K->39847K(2061312K), 0.0041497 secs] [Times: user=0.05 sys=0.01, real=0.00 secs] 
2.525: [GC (Allocation Failure) [PSYoungGen: 669248K->928K(681984K)] 708007K->39727K(2061312K), 0.0041345 secs] [Times: user=0.07 sys=0.00, real=0.01 secs] 
2.655: [GC (Allocation Failure) [PSYoungGen: 673184K->928K(684032K)] 711983K->39799K(2063360K), 0.0044088 secs] [Times: user=0.06 sys=0.01, real=0.00 secs] 
2.722: [GC (Allocation Failure) [PSYoungGen: 673184K->992K(684544K)] 712055K->40015K(2063872K), 0.0039131 secs] [Times: user=0.04 sys=0.01, real=0.00 secs] 
8.625: [GC (Allocation Failure) [PSYoungGen: 676832K->160K(686080K)] 715855K->39207K(2065408K), 0.0069619 secs] [Times: user=0.08 sys=0.00, real=0.01 secs] 
22.817: [GC (Allocation Failure) [PSYoungGen: 676000K->128K(687104K)] 715047K->39199K(2066432K), 0.0141127 secs] [Times: user=0.20 sys=0.00, real=0.01 secs] 
37.149: [GC (Allocation Failure) [PSYoungGen: 679040K->96K(688128K)] 718111K->39175K(2067456K), 0.0396720 secs] [Times: user=0.76 sys=0.00, real=0.04 secs] 
Heap
 PSYoungGen      total 688128K, used 331320K [0x00000000d5580000, 0x0000000100000000, 0x0000000100000000)
  eden space 678912K, 48% used [0x00000000d5580000,0x00000000e98f62e0,0x00000000fec80000)
  from space 9216K, 1% used [0x00000000fec80000,0x00000000fec98000,0x00000000ff580000)
  to   space 8704K, 0% used [0x00000000ff780000,0x00000000ff780000,0x0000000100000000)
 ParOldGen       total 1379328K, used 39079K [0x0000000080000000, 0x00000000d4300000, 0x00000000d5580000)
  object space 1379328K, 2% used [0x0000000080000000,0x0000000082629c98,0x00000000d4300000)
 Metaspace       used 13360K, capacity 13502K, committed 13824K, reserved 1060864K
  class space    used 1883K, capacity 1950K, committed 2048K, reserved 1048576K
