*** Iteration 1
OpenJDK 64-Bit Server VM (25.91-b14) for linux-amd64 JRE (1.8.0_91-8u91-b14-2-b14), built on Apr 22 2016 23:10:09 by "buildd" with gcc 5.3.1 20160409
Memory: 4k page, physical 132271440k(31973648k free), swap 5324796k(5324796k free)
CommandLine flags: -XX:InitialHeapSize=2116343040 -XX:MaxHeapSize=2147483648 -XX:+PrintGC -XX:+PrintGCDetails -XX:+PrintGCTimeStamps -XX:+UseCompressedClassPointers -XX:+UseCompressedOops -XX:+UseParallelGC 
1.092: [GC (Allocation Failure) [PSYoungGen: 517120K->31018K(603136K)] 517120K->31026K(1982464K), 1.2421258 secs] [Times: user=4.93 sys=0.03, real=1.24 secs] 
9.950: [GC (Allocation Failure) [PSYoungGen: 548138K->41281K(612864K)] 548146K->41297K(1992192K), 1.3316603 secs] [Times: user=5.25 sys=0.06, real=1.33 secs] 
Heap
 PSYoungGen      total 612864K, used 279510K [0x00000000d5580000, 0x0000000100000000, 0x0000000100000000)
  eden space 526848K, 45% used [0x00000000d5580000,0x00000000e3e25270,0x00000000f5800000)
  from space 86016K, 47% used [0x00000000fac00000,0x00000000fd4506f0,0x0000000100000000)
  to   space 86016K, 0% used [0x00000000f5800000,0x00000000f5800000,0x00000000fac00000)
 ParOldGen       total 1379328K, used 16K [0x0000000080000000, 0x00000000d4300000, 0x00000000d5580000)
  object space 1379328K, 0% used [0x0000000080000000,0x0000000080004000,0x00000000d4300000)
 Metaspace       used 13130K, capacity 13270K, committed 13440K, reserved 1060864K
  class space    used 1850K, capacity 1906K, committed 1920K, reserved 1048576K
*** Iteration 2
OpenJDK 64-Bit Server VM (25.91-b14) for linux-amd64 JRE (1.8.0_91-8u91-b14-2-b14), built on Apr 22 2016 23:10:09 by "buildd" with gcc 5.3.1 20160409
Memory: 4k page, physical 132271440k(31975876k free), swap 5324796k(5324796k free)
CommandLine flags: -XX:InitialHeapSize=2116343040 -XX:MaxHeapSize=2147483648 -XX:+PrintGC -XX:+PrintGCDetails -XX:+PrintGCTimeStamps -XX:+UseCompressedClassPointers -XX:+UseCompressedOops -XX:+UseParallelGC 
1.080: [GC (Allocation Failure) [PSYoungGen: 517120K->32138K(603136K)] 517120K->32146K(1982464K), 1.4587555 secs] [Times: user=5.79 sys=0.04, real=1.45 secs] 
Heap
 PSYoungGen      total 603136K, used 485525K [0x00000000d5580000, 0x0000000100000000, 0x0000000100000000)
  eden space 517120K, 87% used [0x00000000d5580000,0x00000000f1042a38,0x00000000f4e80000)
  from space 86016K, 37% used [0x00000000f4e80000,0x00000000f6de2b60,0x00000000fa280000)
  to   space 86016K, 0% used [0x00000000fac00000,0x00000000fac00000,0x0000000100000000)
 ParOldGen       total 1379328K, used 8K [0x0000000080000000, 0x00000000d4300000, 0x00000000d5580000)
  object space 1379328K, 0% used [0x0000000080000000,0x0000000080002000,0x00000000d4300000)
 Metaspace       used 13106K, capacity 13206K, committed 13440K, reserved 1060864K
  class space    used 1849K, capacity 1906K, committed 1920K, reserved 1048576K
*** Iteration 3
OpenJDK 64-Bit Server VM (25.91-b14) for linux-amd64 JRE (1.8.0_91-8u91-b14-2-b14), built on Apr 22 2016 23:10:09 by "buildd" with gcc 5.3.1 20160409
Memory: 4k page, physical 132271440k(31967552k free), swap 5324796k(5324796k free)
CommandLine flags: -XX:InitialHeapSize=2116343040 -XX:MaxHeapSize=2147483648 -XX:+PrintGC -XX:+PrintGCDetails -XX:+PrintGCTimeStamps -XX:+UseCompressedClassPointers -XX:+UseCompressedOops -XX:+UseParallelGC 
1.029: [GC (Allocation Failure) [PSYoungGen: 517120K->22202K(603136K)] 517120K->22210K(1982464K), 0.8315640 secs] [Times: user=3.29 sys=0.02, real=0.83 secs] 
Heap
 PSYoungGen      total 603136K, used 468828K [0x00000000d5580000, 0x0000000100000000, 0x0000000100000000)
  eden space 517120K, 86% used [0x00000000d5580000,0x00000000f09a8878,0x00000000f4e80000)
  from space 86016K, 25% used [0x00000000f4e80000,0x00000000f642eb30,0x00000000fa280000)
  to   space 86016K, 0% used [0x00000000fac00000,0x00000000fac00000,0x0000000100000000)
 ParOldGen       total 1379328K, used 8K [0x0000000080000000, 0x00000000d4300000, 0x00000000d5580000)
  object space 1379328K, 0% used [0x0000000080000000,0x0000000080002000,0x00000000d4300000)
 Metaspace       used 13071K, capacity 13206K, committed 13440K, reserved 1060864K
  class space    used 1849K, capacity 1906K, committed 1920K, reserved 1048576K
*** Iteration 4
OpenJDK 64-Bit Server VM (25.91-b14) for linux-amd64 JRE (1.8.0_91-8u91-b14-2-b14), built on Apr 22 2016 23:10:09 by "buildd" with gcc 5.3.1 20160409
Memory: 4k page, physical 132271440k(31974248k free), swap 5324796k(5324796k free)
CommandLine flags: -XX:InitialHeapSize=2116343040 -XX:MaxHeapSize=2147483648 -XX:+PrintGC -XX:+PrintGCDetails -XX:+PrintGCTimeStamps -XX:+UseCompressedClassPointers -XX:+UseCompressedOops -XX:+UseParallelGC 
1.059: [GC (Allocation Failure) [PSYoungGen: 517120K->26522K(603136K)] 517120K->26530K(1982464K), 1.2058370 secs] [Times: user=4.78 sys=0.04, real=1.21 secs] 
Heap
 PSYoungGen      total 603136K, used 494262K [0x00000000d5580000, 0x0000000100000000, 0x0000000100000000)
  eden space 517120K, 90% used [0x00000000d5580000,0x00000000f1e46e70,0x00000000f4e80000)
  from space 86016K, 30% used [0x00000000f4e80000,0x00000000f6866ae0,0x00000000fa280000)
  to   space 86016K, 0% used [0x00000000fac00000,0x00000000fac00000,0x0000000100000000)
 ParOldGen       total 1379328K, used 8K [0x0000000080000000, 0x00000000d4300000, 0x00000000d5580000)
  object space 1379328K, 0% used [0x0000000080000000,0x0000000080002000,0x00000000d4300000)
 Metaspace       used 13079K, capacity 13206K, committed 13440K, reserved 1060864K
  class space    used 1849K, capacity 1906K, committed 1920K, reserved 1048576K
*** Iteration 5
OpenJDK 64-Bit Server VM (25.91-b14) for linux-amd64 JRE (1.8.0_91-8u91-b14-2-b14), built on Apr 22 2016 23:10:09 by "buildd" with gcc 5.3.1 20160409
Memory: 4k page, physical 132271440k(31975724k free), swap 5324796k(5324796k free)
CommandLine flags: -XX:InitialHeapSize=2116343040 -XX:MaxHeapSize=2147483648 -XX:+PrintGC -XX:+PrintGCDetails -XX:+PrintGCTimeStamps -XX:+UseCompressedClassPointers -XX:+UseCompressedOops -XX:+UseParallelGC 
1.067: [GC (Allocation Failure) [PSYoungGen: 517120K->28761K(603136K)] 517120K->28769K(1982464K), 1.0804511 secs] [Times: user=4.29 sys=0.02, real=1.08 secs] 
Heap
 PSYoungGen      total 603136K, used 516787K [0x00000000d5580000, 0x0000000100000000, 0x0000000100000000)
  eden space 517120K, 94% used [0x00000000d5580000,0x00000000f32167d0,0x00000000f4e80000)
  from space 86016K, 33% used [0x00000000f4e80000,0x00000000f6a96758,0x00000000fa280000)
  to   space 86016K, 0% used [0x00000000fac00000,0x00000000fac00000,0x0000000100000000)
 ParOldGen       total 1379328K, used 8K [0x0000000080000000, 0x00000000d4300000, 0x00000000d5580000)
  object space 1379328K, 0% used [0x0000000080000000,0x0000000080002000,0x00000000d4300000)
 Metaspace       used 13140K, capacity 13270K, committed 13440K, reserved 1060864K
  class space    used 1850K, capacity 1906K, committed 1920K, reserved 1048576K
*** Iteration 6
OpenJDK 64-Bit Server VM (25.91-b14) for linux-amd64 JRE (1.8.0_91-8u91-b14-2-b14), built on Apr 22 2016 23:10:09 by "buildd" with gcc 5.3.1 20160409
Memory: 4k page, physical 132271440k(31978476k free), swap 5324796k(5324796k free)
CommandLine flags: -XX:InitialHeapSize=2116343040 -XX:MaxHeapSize=2147483648 -XX:+PrintGC -XX:+PrintGCDetails -XX:+PrintGCTimeStamps -XX:+UseCompressedClassPointers -XX:+UseCompressedOops -XX:+UseParallelGC 
0.976: [GC (Allocation Failure) [PSYoungGen: 517120K->15178K(603136K)] 517120K->15186K(1982464K), 0.5599907 secs] [Times: user=2.22 sys=0.02, real=0.56 secs] 
10.576: [GC (Allocation Failure) [PSYoungGen: 532298K->27393K(612864K)] 532306K->27401K(1992192K), 1.1080758 secs] [Times: user=4.38 sys=0.02, real=1.11 secs] 
Heap
 PSYoungGen      total 612864K, used 239940K [0x00000000d5580000, 0x0000000100000000, 0x0000000100000000)
  eden space 526848K, 40% used [0x00000000d5580000,0x00000000e2510cf8,0x00000000f5800000)
  from space 86016K, 31% used [0x00000000fac00000,0x00000000fc6c06a0,0x0000000100000000)
  to   space 86016K, 0% used [0x00000000f5800000,0x00000000f5800000,0x00000000fac00000)
 ParOldGen       total 1379328K, used 8K [0x0000000080000000, 0x00000000d4300000, 0x00000000d5580000)
  object space 1379328K, 0% used [0x0000000080000000,0x0000000080002000,0x00000000d4300000)
 Metaspace       used 13119K, capacity 13270K, committed 13440K, reserved 1060864K
  class space    used 1850K, capacity 1906K, committed 1920K, reserved 1048576K
*** Iteration 7
OpenJDK 64-Bit Server VM (25.91-b14) for linux-amd64 JRE (1.8.0_91-8u91-b14-2-b14), built on Apr 22 2016 23:10:09 by "buildd" with gcc 5.3.1 20160409
Memory: 4k page, physical 132271440k(31979280k free), swap 5324796k(5324796k free)
CommandLine flags: -XX:InitialHeapSize=2116343040 -XX:MaxHeapSize=2147483648 -XX:+PrintGC -XX:+PrintGCDetails -XX:+PrintGCTimeStamps -XX:+UseCompressedClassPointers -XX:+UseCompressedOops -XX:+UseParallelGC 
1.001: [GC (Allocation Failure) [PSYoungGen: 517120K->16361K(603136K)] 517120K->16369K(1982464K), 0.5486569 secs] [Times: user=2.18 sys=0.02, real=0.55 secs] 
Heap
 PSYoungGen      total 603136K, used 498788K [0x00000000d5580000, 0x0000000100000000, 0x0000000100000000)
  eden space 517120K, 93% used [0x00000000d5580000,0x00000000f2c9eb60,0x00000000f4e80000)
  from space 86016K, 19% used [0x00000000f4e80000,0x00000000f5e7a728,0x00000000fa280000)
  to   space 86016K, 0% used [0x00000000fac00000,0x00000000fac00000,0x0000000100000000)
 ParOldGen       total 1379328K, used 8K [0x0000000080000000, 0x00000000d4300000, 0x00000000d5580000)
  object space 1379328K, 0% used [0x0000000080000000,0x0000000080002000,0x00000000d4300000)
 Metaspace       used 13099K, capacity 13206K, committed 13440K, reserved 1060864K
  class space    used 1849K, capacity 1906K, committed 1920K, reserved 1048576K
*** Iteration 8
OpenJDK 64-Bit Server VM (25.91-b14) for linux-amd64 JRE (1.8.0_91-8u91-b14-2-b14), built on Apr 22 2016 23:10:09 by "buildd" with gcc 5.3.1 20160409
Memory: 4k page, physical 132271440k(31980344k free), swap 5324796k(5324796k free)
CommandLine flags: -XX:InitialHeapSize=2116343040 -XX:MaxHeapSize=2147483648 -XX:+PrintGC -XX:+PrintGCDetails -XX:+PrintGCTimeStamps -XX:+UseCompressedClassPointers -XX:+UseCompressedOops -XX:+UseParallelGC 
1.058: [GC (Allocation Failure) [PSYoungGen: 517120K->19082K(603136K)] 517120K->19090K(1982464K), 0.8355706 secs] [Times: user=3.32 sys=0.02, real=0.83 secs] 
Heap
 PSYoungGen      total 603136K, used 525772K [0x00000000d5580000, 0x0000000100000000, 0x0000000100000000)
  eden space 517120K, 97% used [0x00000000d5580000,0x00000000f4450900,0x00000000f4e80000)
  from space 86016K, 22% used [0x00000000f4e80000,0x00000000f6122af0,0x00000000fa280000)
  to   space 86016K, 0% used [0x00000000fac00000,0x00000000fac00000,0x0000000100000000)
 ParOldGen       total 1379328K, used 8K [0x0000000080000000, 0x00000000d4300000, 0x00000000d5580000)
  object space 1379328K, 0% used [0x0000000080000000,0x0000000080002000,0x00000000d4300000)
 Metaspace       used 13099K, capacity 13206K, committed 13440K, reserved 1060864K
  class space    used 1850K, capacity 1906K, committed 1920K, reserved 1048576K
*** Iteration 9
OpenJDK 64-Bit Server VM (25.91-b14) for linux-amd64 JRE (1.8.0_91-8u91-b14-2-b14), built on Apr 22 2016 23:10:09 by "buildd" with gcc 5.3.1 20160409
Memory: 4k page, physical 132271440k(31982308k free), swap 5324796k(5324796k free)
CommandLine flags: -XX:InitialHeapSize=2116343040 -XX:MaxHeapSize=2147483648 -XX:+PrintGC -XX:+PrintGCDetails -XX:+PrintGCTimeStamps -XX:+UseCompressedClassPointers -XX:+UseCompressedOops -XX:+UseParallelGC 
1.168: [GC (Allocation Failure) [PSYoungGen: 517120K->29626K(603136K)] 517120K->29634K(1982464K), 1.1241540 secs] [Times: user=4.46 sys=0.03, real=1.12 secs] 
Heap
 PSYoungGen      total 603136K, used 526768K [0x00000000d5580000, 0x0000000100000000, 0x0000000100000000)
  eden space 517120K, 96% used [0x00000000d5580000,0x00000000f3afd830,0x00000000f4e80000)
  from space 86016K, 34% used [0x00000000f4e80000,0x00000000f6b6eb10,0x00000000fa280000)
  to   space 86016K, 0% used [0x00000000fac00000,0x00000000fac00000,0x0000000100000000)
 ParOldGen       total 1379328K, used 8K [0x0000000080000000, 0x00000000d4300000, 0x00000000d5580000)
  object space 1379328K, 0% used [0x0000000080000000,0x0000000080002000,0x00000000d4300000)
 Metaspace       used 13103K, capacity 13206K, committed 13440K, reserved 1060864K
  class space    used 1849K, capacity 1906K, committed 1920K, reserved 1048576K
*** Iteration 10
OpenJDK 64-Bit Server VM (25.91-b14) for linux-amd64 JRE (1.8.0_91-8u91-b14-2-b14), built on Apr 22 2016 23:10:09 by "buildd" with gcc 5.3.1 20160409
Memory: 4k page, physical 132271440k(31982464k free), swap 5324796k(5324796k free)
CommandLine flags: -XX:InitialHeapSize=2116343040 -XX:MaxHeapSize=2147483648 -XX:+PrintGC -XX:+PrintGCDetails -XX:+PrintGCTimeStamps -XX:+UseCompressedClassPointers -XX:+UseCompressedOops -XX:+UseParallelGC 
0.992: [GC (Allocation Failure) [PSYoungGen: 517120K->19305K(603136K)] 517120K->19313K(1982464K), 0.8420567 secs] [Times: user=3.37 sys=0.00, real=0.85 secs] 
10.551: [GC (Allocation Failure) [PSYoungGen: 536425K->30321K(612864K)] 536433K->30337K(1992192K), 1.2172125 secs] [Times: user=4.83 sys=0.02, real=1.22 secs] 
Heap
 PSYoungGen      total 612864K, used 258322K [0x00000000d5580000, 0x0000000100000000, 0x0000000100000000)
  eden space 526848K, 43% used [0x00000000d5580000,0x00000000e3428348,0x00000000f5800000)
  from space 86016K, 35% used [0x00000000fac00000,0x00000000fc99c6b0,0x0000000100000000)
  to   space 86016K, 0% used [0x00000000f5800000,0x00000000f5800000,0x00000000fac00000)
 ParOldGen       total 1379328K, used 16K [0x0000000080000000, 0x00000000d4300000, 0x00000000d5580000)
  object space 1379328K, 0% used [0x0000000080000000,0x0000000080004000,0x00000000d4300000)
 Metaspace       used 13120K, capacity 13270K, committed 13440K, reserved 1060864K
  class space    used 1849K, capacity 1906K, committed 1920K, reserved 1048576K
*** Iteration 1
OpenJDK 64-Bit Server VM (25.91-b14) for linux-amd64 JRE (1.8.0_91-8u91-b14-2-b14), built on Apr 22 2016 23:10:09 by "buildd" with gcc 5.3.1 20160409
Memory: 4k page, physical 132271440k(31978484k free), swap 5324796k(5324796k free)
CommandLine flags: -XX:InitialHeapSize=2116343040 -XX:MaxHeapSize=2147483648 -XX:+PrintGC -XX:+PrintGCDetails -XX:+PrintGCTimeStamps -XX:+UseCompressedClassPointers -XX:+UseCompressedOops -XX:+UseParallelGC 
0.979: [GC (Allocation Failure) [PSYoungGen: 517120K->16921K(603136K)] 517120K->16929K(1982464K), 0.6564251 secs] [Times: user=5.14 sys=0.03, real=0.66 secs] 
Heap
 PSYoungGen      total 603136K, used 503757K [0x00000000d5580000, 0x0000000100000000, 0x0000000100000000)
  eden space 517120K, 94% used [0x00000000d5580000,0x00000000f30ecdc0,0x00000000f4e80000)
  from space 86016K, 19% used [0x00000000f4e80000,0x00000000f5f06748,0x00000000fa280000)
  to   space 86016K, 0% used [0x00000000fac00000,0x00000000fac00000,0x0000000100000000)
 ParOldGen       total 1379328K, used 8K [0x0000000080000000, 0x00000000d4300000, 0x00000000d5580000)
  object space 1379328K, 0% used [0x0000000080000000,0x0000000080002000,0x00000000d4300000)
 Metaspace       used 13175K, capacity 13270K, committed 13440K, reserved 1060864K
  class space    used 1851K, capacity 1906K, committed 1920K, reserved 1048576K
*** Iteration 2
OpenJDK 64-Bit Server VM (25.91-b14) for linux-amd64 JRE (1.8.0_91-8u91-b14-2-b14), built on Apr 22 2016 23:10:09 by "buildd" with gcc 5.3.1 20160409
Memory: 4k page, physical 132271440k(31977488k free), swap 5324796k(5324796k free)
CommandLine flags: -XX:InitialHeapSize=2116343040 -XX:MaxHeapSize=2147483648 -XX:+PrintGC -XX:+PrintGCDetails -XX:+PrintGCTimeStamps -XX:+UseCompressedClassPointers -XX:+UseCompressedOops -XX:+UseParallelGC 
0.877: [GC (Allocation Failure) [PSYoungGen: 517120K->12361K(603136K)] 517120K->12369K(1982464K), 0.5141620 secs] [Times: user=4.07 sys=0.01, real=0.51 secs] 
Heap
 PSYoungGen      total 603136K, used 470125K [0x00000000d5580000, 0x0000000100000000, 0x0000000100000000)
  eden space 517120K, 88% used [0x00000000d5580000,0x00000000f1488cc0,0x00000000f4e80000)
  from space 86016K, 14% used [0x00000000f4e80000,0x00000000f5a927b8,0x00000000fa280000)
  to   space 86016K, 0% used [0x00000000fac00000,0x00000000fac00000,0x0000000100000000)
 ParOldGen       total 1379328K, used 8K [0x0000000080000000, 0x00000000d4300000, 0x00000000d5580000)
  object space 1379328K, 0% used [0x0000000080000000,0x0000000080002000,0x00000000d4300000)
 Metaspace       used 13122K, capacity 13270K, committed 13440K, reserved 1060864K
  class space    used 1850K, capacity 1906K, committed 1920K, reserved 1048576K
*** Iteration 3
OpenJDK 64-Bit Server VM (25.91-b14) for linux-amd64 JRE (1.8.0_91-8u91-b14-2-b14), built on Apr 22 2016 23:10:09 by "buildd" with gcc 5.3.1 20160409
Memory: 4k page, physical 132271440k(31976680k free), swap 5324796k(5324796k free)
CommandLine flags: -XX:InitialHeapSize=2116343040 -XX:MaxHeapSize=2147483648 -XX:+PrintGC -XX:+PrintGCDetails -XX:+PrintGCTimeStamps -XX:+UseCompressedClassPointers -XX:+UseCompressedOops -XX:+UseParallelGC 
0.982: [GC (Allocation Failure) [PSYoungGen: 517120K->14937K(603136K)] 517120K->14945K(1982464K), 0.7196575 secs] [Times: user=5.69 sys=0.00, real=0.72 secs] 
Heap
 PSYoungGen      total 603136K, used 512449K [0x00000000d5580000, 0x0000000100000000, 0x0000000100000000)
  eden space 517120K, 96% used [0x00000000d5580000,0x00000000f3b59d20,0x00000000f4e80000)
  from space 86016K, 17% used [0x00000000f4e80000,0x00000000f5d16778,0x00000000fa280000)
  to   space 86016K, 0% used [0x00000000fac00000,0x00000000fac00000,0x0000000100000000)
 ParOldGen       total 1379328K, used 8K [0x0000000080000000, 0x00000000d4300000, 0x00000000d5580000)
  object space 1379328K, 0% used [0x0000000080000000,0x0000000080002000,0x00000000d4300000)
 Metaspace       used 13110K, capacity 13206K, committed 13440K, reserved 1060864K
  class space    used 1850K, capacity 1906K, committed 1920K, reserved 1048576K
*** Iteration 4
OpenJDK 64-Bit Server VM (25.91-b14) for linux-amd64 JRE (1.8.0_91-8u91-b14-2-b14), built on Apr 22 2016 23:10:09 by "buildd" with gcc 5.3.1 20160409
Memory: 4k page, physical 132271440k(31974108k free), swap 5324796k(5324796k free)
CommandLine flags: -XX:InitialHeapSize=2116343040 -XX:MaxHeapSize=2147483648 -XX:+PrintGC -XX:+PrintGCDetails -XX:+PrintGCTimeStamps -XX:+UseCompressedClassPointers -XX:+UseCompressedOops -XX:+UseParallelGC 
0.967: [GC (Allocation Failure) [PSYoungGen: 517120K->18698K(603136K)] 517120K->18706K(1982464K), 1.0737895 secs] [Times: user=8.51 sys=0.04, real=1.07 secs] 
11.584: [GC (Allocation Failure) [PSYoungGen: 535818K->27985K(612864K)] 535826K->28001K(1992192K), 1.4458610 secs] [Times: user=11.48 sys=0.03, real=1.44 secs] 
Heap
 PSYoungGen      total 612864K, used 122123K [0x00000000d5580000, 0x0000000100000000, 0x0000000100000000)
  eden space 526848K, 17% used [0x00000000d5580000,0x00000000db16e6d0,0x00000000f5800000)
  from space 86016K, 32% used [0x00000000fac00000,0x00000000fc754710,0x0000000100000000)
  to   space 86016K, 0% used [0x00000000f5800000,0x00000000f5800000,0x00000000fac00000)
 ParOldGen       total 1379328K, used 16K [0x0000000080000000, 0x00000000d4300000, 0x00000000d5580000)
  object space 1379328K, 0% used [0x0000000080000000,0x0000000080004000,0x00000000d4300000)
 Metaspace       used 13165K, capacity 13270K, committed 13440K, reserved 1060864K
  class space    used 1851K, capacity 1906K, committed 1920K, reserved 1048576K
*** Iteration 5
OpenJDK 64-Bit Server VM (25.91-b14) for linux-amd64 JRE (1.8.0_91-8u91-b14-2-b14), built on Apr 22 2016 23:10:09 by "buildd" with gcc 5.3.1 20160409
Memory: 4k page, physical 132271440k(31976124k free), swap 5324796k(5324796k free)
CommandLine flags: -XX:InitialHeapSize=2116343040 -XX:MaxHeapSize=2147483648 -XX:+PrintGC -XX:+PrintGCDetails -XX:+PrintGCTimeStamps -XX:+UseCompressedClassPointers -XX:+UseCompressedOops -XX:+UseParallelGC 
0.998: [GC (Allocation Failure) [PSYoungGen: 517120K->15145K(603136K)] 517120K->15153K(1982464K), 0.6709202 secs] [Times: user=5.32 sys=0.00, real=0.67 secs] 
11.427: [GC (Allocation Failure) [PSYoungGen: 532265K->23297K(612864K)] 532273K->23313K(1992192K), 1.3583486 secs] [Times: user=10.81 sys=0.03, real=1.36 secs] 
Heap
 PSYoungGen      total 612864K, used 225575K [0x00000000d5580000, 0x0000000100000000, 0x0000000100000000)
  eden space 526848K, 38% used [0x00000000d5580000,0x00000000e1b09758,0x00000000f5800000)
  from space 86016K, 27% used [0x00000000fac00000,0x00000000fc2c0680,0x0000000100000000)
  to   space 86016K, 0% used [0x00000000f5800000,0x00000000f5800000,0x00000000fac00000)
 ParOldGen       total 1379328K, used 16K [0x0000000080000000, 0x00000000d4300000, 0x00000000d5580000)
  object space 1379328K, 0% used [0x0000000080000000,0x0000000080004000,0x00000000d4300000)
 Metaspace       used 13097K, capacity 13206K, committed 13440K, reserved 1060864K
  class space    used 1849K, capacity 1906K, committed 1920K, reserved 1048576K
*** Iteration 6
OpenJDK 64-Bit Server VM (25.91-b14) for linux-amd64 JRE (1.8.0_91-8u91-b14-2-b14), built on Apr 22 2016 23:10:09 by "buildd" with gcc 5.3.1 20160409
Memory: 4k page, physical 132271440k(31977056k free), swap 5324796k(5324796k free)
CommandLine flags: -XX:InitialHeapSize=2116343040 -XX:MaxHeapSize=2147483648 -XX:+PrintGC -XX:+PrintGCDetails -XX:+PrintGCTimeStamps -XX:+UseCompressedClassPointers -XX:+UseCompressedOops -XX:+UseParallelGC 
0.854: [GC (Allocation Failure) [PSYoungGen: 517120K->10794K(603136K)] 517120K->10802K(1982464K), 0.4979182 secs] [Times: user=3.94 sys=0.01, real=0.50 secs] 
11.727: [GC (Allocation Failure) [PSYoungGen: 527914K->28193K(612864K)] 527922K->28209K(1992192K), 1.4495510 secs] [Times: user=11.50 sys=0.04, real=1.46 secs] 
Heap
 PSYoungGen      total 612864K, used 218801K [0x00000000d5580000, 0x0000000100000000, 0x0000000100000000)
  eden space 526848K, 36% used [0x00000000d5580000,0x00000000e0fa3f58,0x00000000f5800000)
  from space 86016K, 32% used [0x00000000fac00000,0x00000000fc788720,0x0000000100000000)
  to   space 86016K, 0% used [0x00000000f5800000,0x00000000f5800000,0x00000000fac00000)
 ParOldGen       total 1379328K, used 16K [0x0000000080000000, 0x00000000d4300000, 0x00000000d5580000)
  object space 1379328K, 0% used [0x0000000080000000,0x0000000080004000,0x00000000d4300000)
 Metaspace       used 13117K, capacity 13270K, committed 13440K, reserved 1060864K
  class space    used 1849K, capacity 1906K, committed 1920K, reserved 1048576K
*** Iteration 7
OpenJDK 64-Bit Server VM (25.91-b14) for linux-amd64 JRE (1.8.0_91-8u91-b14-2-b14), built on Apr 22 2016 23:10:09 by "buildd" with gcc 5.3.1 20160409
Memory: 4k page, physical 132271440k(31976740k free), swap 5324796k(5324796k free)
CommandLine flags: -XX:InitialHeapSize=2116343040 -XX:MaxHeapSize=2147483648 -XX:+PrintGC -XX:+PrintGCDetails -XX:+PrintGCTimeStamps -XX:+UseCompressedClassPointers -XX:+UseCompressedOops -XX:+UseParallelGC 
0.950: [GC (Allocation Failure) [PSYoungGen: 517120K->13305K(603136K)] 517120K->13313K(1982464K), 0.7436238 secs] [Times: user=5.91 sys=0.01, real=0.74 secs] 
Heap
 PSYoungGen      total 603136K, used 502497K [0x00000000d5580000, 0x0000000100000000, 0x0000000100000000)
  eden space 517120K, 94% used [0x00000000d5580000,0x00000000f3339cf8,0x00000000f4e80000)
  from space 86016K, 15% used [0x00000000f4e80000,0x00000000f5b7e768,0x00000000fa280000)
  to   space 86016K, 0% used [0x00000000fac00000,0x00000000fac00000,0x0000000100000000)
 ParOldGen       total 1379328K, used 8K [0x0000000080000000, 0x00000000d4300000, 0x00000000d5580000)
  object space 1379328K, 0% used [0x0000000080000000,0x0000000080002000,0x00000000d4300000)
 Metaspace       used 13106K, capacity 13206K, committed 13440K, reserved 1060864K
  class space    used 1849K, capacity 1906K, committed 1920K, reserved 1048576K
*** Iteration 8
OpenJDK 64-Bit Server VM (25.91-b14) for linux-amd64 JRE (1.8.0_91-8u91-b14-2-b14), built on Apr 22 2016 23:10:09 by "buildd" with gcc 5.3.1 20160409
Memory: 4k page, physical 132271440k(31977916k free), swap 5324796k(5324796k free)
CommandLine flags: -XX:InitialHeapSize=2116343040 -XX:MaxHeapSize=2147483648 -XX:+PrintGC -XX:+PrintGCDetails -XX:+PrintGCTimeStamps -XX:+UseCompressedClassPointers -XX:+UseCompressedOops -XX:+UseParallelGC 
0.861: [GC (Allocation Failure) [PSYoungGen: 517120K->11195K(603136K)] 517120K->11203K(1982464K), 0.4778169 secs] [Times: user=3.75 sys=0.02, real=0.48 secs] 
Heap
 PSYoungGen      total 603136K, used 482915K [0x00000000d5580000, 0x0000000100000000, 0x0000000100000000)
  eden space 517120K, 91% used [0x00000000d5580000,0x00000000f222a2e0,0x00000000f4e80000)
  from space 86016K, 13% used [0x00000000f4e80000,0x00000000f596ec30,0x00000000fa280000)
  to   space 86016K, 0% used [0x00000000fac00000,0x00000000fac00000,0x0000000100000000)
 ParOldGen       total 1379328K, used 8K [0x0000000080000000, 0x00000000d4300000, 0x00000000d5580000)
  object space 1379328K, 0% used [0x0000000080000000,0x0000000080002000,0x00000000d4300000)
 Metaspace       used 13115K, capacity 13270K, committed 13440K, reserved 1060864K
  class space    used 1850K, capacity 1906K, committed 1920K, reserved 1048576K
*** Iteration 9
OpenJDK 64-Bit Server VM (25.91-b14) for linux-amd64 JRE (1.8.0_91-8u91-b14-2-b14), built on Apr 22 2016 23:10:09 by "buildd" with gcc 5.3.1 20160409
Memory: 4k page, physical 132271440k(31980820k free), swap 5324796k(5324796k free)
CommandLine flags: -XX:InitialHeapSize=2116343040 -XX:MaxHeapSize=2147483648 -XX:+PrintGC -XX:+PrintGCDetails -XX:+PrintGCTimeStamps -XX:+UseCompressedClassPointers -XX:+UseCompressedOops -XX:+UseParallelGC 
0.971: [GC (Allocation Failure) [PSYoungGen: 517120K->13497K(603136K)] 517120K->13505K(1982464K), 0.5878852 secs] [Times: user=4.65 sys=0.01, real=0.59 secs] 
Heap
 PSYoungGen      total 603136K, used 513062K [0x00000000d5580000, 0x0000000100000000, 0x0000000100000000)
  eden space 517120K, 96% used [0x00000000d5580000,0x00000000f3d5b358,0x00000000f4e80000)
  from space 86016K, 15% used [0x00000000f4e80000,0x00000000f5bae768,0x00000000fa280000)
  to   space 86016K, 0% used [0x00000000fac00000,0x00000000fac00000,0x0000000100000000)
 ParOldGen       total 1379328K, used 8K [0x0000000080000000, 0x00000000d4300000, 0x00000000d5580000)
  object space 1379328K, 0% used [0x0000000080000000,0x0000000080002000,0x00000000d4300000)
 Metaspace       used 13164K, capacity 13270K, committed 13440K, reserved 1060864K
  class space    used 1850K, capacity 1906K, committed 1920K, reserved 1048576K
*** Iteration 10
OpenJDK 64-Bit Server VM (25.91-b14) for linux-amd64 JRE (1.8.0_91-8u91-b14-2-b14), built on Apr 22 2016 23:10:09 by "buildd" with gcc 5.3.1 20160409
Memory: 4k page, physical 132271440k(31979260k free), swap 5324796k(5324796k free)
CommandLine flags: -XX:InitialHeapSize=2116343040 -XX:MaxHeapSize=2147483648 -XX:+PrintGC -XX:+PrintGCDetails -XX:+PrintGCTimeStamps -XX:+UseCompressedClassPointers -XX:+UseCompressedOops -XX:+UseParallelGC 
0.856: [GC (Allocation Failure) [PSYoungGen: 517120K->7434K(603136K)] 517120K->7442K(1982464K), 0.2787197 secs] [Times: user=2.17 sys=0.01, real=0.27 secs] 
9.371: [GC (Allocation Failure) [PSYoungGen: 524554K->86001K(612864K)] 524562K->90185K(1992192K), 6.2536767 secs] [Times: user=49.83 sys=0.11, real=6.26 secs] 
Heap
 PSYoungGen      total 612864K, used 343858K [0x00000000d5580000, 0x0000000100000000, 0x0000000100000000)
  eden space 526848K, 48% used [0x00000000d5580000,0x00000000e51504e0,0x00000000f5800000)
  from space 86016K, 99% used [0x00000000fac00000,0x00000000ffffc710,0x0000000100000000)
  to   space 86016K, 0% used [0x00000000f5800000,0x00000000f5800000,0x00000000fac00000)
 ParOldGen       total 1379328K, used 4184K [0x0000000080000000, 0x00000000d4300000, 0x00000000d5580000)
  object space 1379328K, 0% used [0x0000000080000000,0x0000000080416000,0x00000000d4300000)
 Metaspace       used 13093K, capacity 13206K, committed 13440K, reserved 1060864K
  class space    used 1849K, capacity 1906K, committed 1920K, reserved 1048576K
*** Iteration 1
OpenJDK 64-Bit Server VM (25.91-b14) for linux-amd64 JRE (1.8.0_91-8u91-b14-2-b14), built on Apr 22 2016 23:10:09 by "buildd" with gcc 5.3.1 20160409
Memory: 4k page, physical 132271440k(31980536k free), swap 5324796k(5324796k free)
CommandLine flags: -XX:InitialHeapSize=2116343040 -XX:MaxHeapSize=2147483648 -XX:+PrintGC -XX:+PrintGCDetails -XX:+PrintGCTimeStamps -XX:+UseCompressedClassPointers -XX:+UseCompressedOops -XX:+UseParallelGC 
0.893: [GC (Allocation Failure) [PSYoungGen: 517120K->10746K(603136K)] 517120K->10754K(1982464K), 0.2341811 secs] [Times: user=3.10 sys=0.00, real=0.24 secs] 
Heap
 PSYoungGen      total 603136K, used 505505K [0x00000000d5580000, 0x0000000100000000, 0x0000000100000000)
  eden space 517120K, 95% used [0x00000000d5580000,0x00000000f38a9a50,0x00000000f4e80000)
  from space 86016K, 12% used [0x00000000f4e80000,0x00000000f58feb80,0x00000000fa280000)
  to   space 86016K, 0% used [0x00000000fac00000,0x00000000fac00000,0x0000000100000000)
 ParOldGen       total 1379328K, used 8K [0x0000000080000000, 0x00000000d4300000, 0x00000000d5580000)
  object space 1379328K, 0% used [0x0000000080000000,0x0000000080002000,0x00000000d4300000)
 Metaspace       used 13172K, capacity 13270K, committed 13440K, reserved 1060864K
  class space    used 1851K, capacity 1906K, committed 1920K, reserved 1048576K
*** Iteration 2
OpenJDK 64-Bit Server VM (25.91-b14) for linux-amd64 JRE (1.8.0_91-8u91-b14-2-b14), built on Apr 22 2016 23:10:09 by "buildd" with gcc 5.3.1 20160409
Memory: 4k page, physical 132271440k(31979016k free), swap 5324796k(5324796k free)
CommandLine flags: -XX:InitialHeapSize=2116343040 -XX:MaxHeapSize=2147483648 -XX:+PrintGC -XX:+PrintGCDetails -XX:+PrintGCTimeStamps -XX:+UseCompressedClassPointers -XX:+UseCompressedOops -XX:+UseParallelGC 
0.903: [GC (Allocation Failure) [PSYoungGen: 517120K->10939K(603136K)] 517120K->10947K(1982464K), 0.2779534 secs] [Times: user=3.86 sys=0.03, real=0.28 secs] 
13.190: [GC (Allocation Failure) [PSYoungGen: 528059K->45281K(612864K)] 528067K->45297K(1992192K), 1.7233607 secs] [Times: user=27.32 sys=0.03, real=1.72 secs] 
Heap
 PSYoungGen      total 612864K, used 124084K [0x00000000d5580000, 0x0000000100000000, 0x0000000100000000)
  eden space 526848K, 14% used [0x00000000d5580000,0x00000000da274af8,0x00000000f5800000)
  from space 86016K, 52% used [0x00000000fac00000,0x00000000fd838710,0x0000000100000000)
  to   space 86016K, 0% used [0x00000000f5800000,0x00000000f5800000,0x00000000fac00000)
 ParOldGen       total 1379328K, used 16K [0x0000000080000000, 0x00000000d4300000, 0x00000000d5580000)
  object space 1379328K, 0% used [0x0000000080000000,0x0000000080004000,0x00000000d4300000)
 Metaspace       used 13127K, capacity 13270K, committed 13440K, reserved 1060864K
  class space    used 1849K, capacity 1906K, committed 1920K, reserved 1048576K
*** Iteration 3
OpenJDK 64-Bit Server VM (25.91-b14) for linux-amd64 JRE (1.8.0_91-8u91-b14-2-b14), built on Apr 22 2016 23:10:09 by "buildd" with gcc 5.3.1 20160409
Memory: 4k page, physical 132271440k(31976240k free), swap 5324796k(5324796k free)
CommandLine flags: -XX:InitialHeapSize=2116343040 -XX:MaxHeapSize=2147483648 -XX:+PrintGC -XX:+PrintGCDetails -XX:+PrintGCTimeStamps -XX:+UseCompressedClassPointers -XX:+UseCompressedOops -XX:+UseParallelGC 
0.897: [GC (Allocation Failure) [PSYoungGen: 517120K->5994K(603136K)] 517120K->6002K(1982464K), 0.0888073 secs] [Times: user=0.69 sys=0.00, real=0.09 secs] 
Heap
 PSYoungGen      total 603136K, used 505925K [0x00000000d5580000, 0x0000000100000000, 0x0000000100000000)
  eden space 517120K, 96% used [0x00000000d5580000,0x00000000f3db6ca0,0x00000000f4e80000)
  from space 86016K, 6% used [0x00000000f4e80000,0x00000000f545a828,0x00000000fa280000)
  to   space 86016K, 0% used [0x00000000fac00000,0x00000000fac00000,0x0000000100000000)
 ParOldGen       total 1379328K, used 8K [0x0000000080000000, 0x00000000d4300000, 0x00000000d5580000)
  object space 1379328K, 0% used [0x0000000080000000,0x0000000080002000,0x00000000d4300000)
 Metaspace       used 13175K, capacity 13270K, committed 13440K, reserved 1060864K
  class space    used 1851K, capacity 1906K, committed 1920K, reserved 1048576K
*** Iteration 4
OpenJDK 64-Bit Server VM (25.91-b14) for linux-amd64 JRE (1.8.0_91-8u91-b14-2-b14), built on Apr 22 2016 23:10:09 by "buildd" with gcc 5.3.1 20160409
Memory: 4k page, physical 132271440k(31977868k free), swap 5324796k(5324796k free)
CommandLine flags: -XX:InitialHeapSize=2116343040 -XX:MaxHeapSize=2147483648 -XX:+PrintGC -XX:+PrintGCDetails -XX:+PrintGCTimeStamps -XX:+UseCompressedClassPointers -XX:+UseCompressedOops -XX:+UseParallelGC 
0.816: [GC (Allocation Failure) [PSYoungGen: 517120K->9978K(603136K)] 517120K->9986K(1982464K), 0.2753334 secs] [Times: user=3.99 sys=0.01, real=0.27 secs] 
Heap
 PSYoungGen      total 603136K, used 475699K [0x00000000d5580000, 0x0000000100000000, 0x0000000100000000)
  eden space 517120K, 90% used [0x00000000d5580000,0x00000000f1c4e5d8,0x00000000f4e80000)
  from space 86016K, 11% used [0x00000000f4e80000,0x00000000f583e818,0x00000000fa280000)
  to   space 86016K, 0% used [0x00000000fac00000,0x00000000fac00000,0x0000000100000000)
 ParOldGen       total 1379328K, used 8K [0x0000000080000000, 0x00000000d4300000, 0x00000000d5580000)
  object space 1379328K, 0% used [0x0000000080000000,0x0000000080002000,0x00000000d4300000)
 Metaspace       used 13117K, capacity 13270K, committed 13440K, reserved 1060864K
  class space    used 1848K, capacity 1906K, committed 1920K, reserved 1048576K
*** Iteration 5
OpenJDK 64-Bit Server VM (25.91-b14) for linux-amd64 JRE (1.8.0_91-8u91-b14-2-b14), built on Apr 22 2016 23:10:09 by "buildd" with gcc 5.3.1 20160409
Memory: 4k page, physical 132271440k(31977072k free), swap 5324796k(5324796k free)
CommandLine flags: -XX:InitialHeapSize=2116343040 -XX:MaxHeapSize=2147483648 -XX:+PrintGC -XX:+PrintGCDetails -XX:+PrintGCTimeStamps -XX:+UseCompressedClassPointers -XX:+UseCompressedOops -XX:+UseParallelGC 
0.905: [GC (Allocation Failure) [PSYoungGen: 517120K->9515K(603136K)] 517120K->9523K(1982464K), 0.1709709 secs] [Times: user=2.12 sys=0.01, real=0.17 secs] 
12.716: [GC (Allocation Failure) [PSYoungGen: 526635K->64273K(612864K)] 526643K->64289K(1992192K), 2.5740625 secs] [Times: user=40.91 sys=0.09, real=2.57 secs] 
Heap
 PSYoungGen      total 612864K, used 145949K [0x00000000d5580000, 0x0000000100000000, 0x0000000100000000)
  eden space 526848K, 15% used [0x00000000d5580000,0x00000000da542d38,0x00000000f5800000)
  from space 86016K, 74% used [0x00000000fac00000,0x00000000feac4700,0x0000000100000000)
  to   space 86016K, 0% used [0x00000000f5800000,0x00000000f5800000,0x00000000fac00000)
 ParOldGen       total 1379328K, used 16K [0x0000000080000000, 0x00000000d4300000, 0x00000000d5580000)
  object space 1379328K, 0% used [0x0000000080000000,0x0000000080004000,0x00000000d4300000)
 Metaspace       used 13154K, capacity 13270K, committed 13440K, reserved 1060864K
  class space    used 1849K, capacity 1906K, committed 1920K, reserved 1048576K
*** Iteration 6
OpenJDK 64-Bit Server VM (25.91-b14) for linux-amd64 JRE (1.8.0_91-8u91-b14-2-b14), built on Apr 22 2016 23:10:09 by "buildd" with gcc 5.3.1 20160409
Memory: 4k page, physical 132271440k(31979000k free), swap 5324796k(5324796k free)
CommandLine flags: -XX:InitialHeapSize=2116343040 -XX:MaxHeapSize=2147483648 -XX:+PrintGC -XX:+PrintGCDetails -XX:+PrintGCTimeStamps -XX:+UseCompressedClassPointers -XX:+UseCompressedOops -XX:+UseParallelGC 
0.899: [GC (Allocation Failure) [PSYoungGen: 517120K->10266K(603136K)] 517120K->10274K(1982464K), 0.2192212 secs] [Times: user=2.88 sys=0.00, real=0.21 secs] 
Heap
 PSYoungGen      total 603136K, used 480760K [0x00000000d5580000, 0x0000000100000000, 0x0000000100000000)
  eden space 517120K, 90% used [0x00000000d5580000,0x00000000f20f76b8,0x00000000f4e80000)
  from space 86016K, 11% used [0x00000000f4e80000,0x00000000f5886bd0,0x00000000fa280000)
  to   space 86016K, 0% used [0x00000000fac00000,0x00000000fac00000,0x0000000100000000)
 ParOldGen       total 1379328K, used 8K [0x0000000080000000, 0x00000000d4300000, 0x00000000d5580000)
  object space 1379328K, 0% used [0x0000000080000000,0x0000000080002000,0x00000000d4300000)
 Metaspace       used 13124K, capacity 13270K, committed 13440K, reserved 1060864K
  class space    used 1850K, capacity 1906K, committed 1920K, reserved 1048576K
*** Iteration 7
OpenJDK 64-Bit Server VM (25.91-b14) for linux-amd64 JRE (1.8.0_91-8u91-b14-2-b14), built on Apr 22 2016 23:10:09 by "buildd" with gcc 5.3.1 20160409
Memory: 4k page, physical 132271440k(31977076k free), swap 5324796k(5324796k free)
CommandLine flags: -XX:InitialHeapSize=2116343040 -XX:MaxHeapSize=2147483648 -XX:+PrintGC -XX:+PrintGCDetails -XX:+PrintGCTimeStamps -XX:+UseCompressedClassPointers -XX:+UseCompressedOops -XX:+UseParallelGC 
0.828: [GC (Allocation Failure) [PSYoungGen: 517120K->9691K(603136K)] 517120K->9699K(1982464K), 0.2111611 secs] [Times: user=2.62 sys=0.01, real=0.21 secs] 
Heap
 PSYoungGen      total 603136K, used 500073K [0x00000000d5580000, 0x0000000100000000, 0x0000000100000000)
  eden space 517120K, 94% used [0x00000000d5580000,0x00000000f3463808,0x00000000f4e80000)
  from space 86016K, 11% used [0x00000000f4e80000,0x00000000f57f6c20,0x00000000fa280000)
  to   space 86016K, 0% used [0x00000000fac00000,0x00000000fac00000,0x0000000100000000)
 ParOldGen       total 1379328K, used 8K [0x0000000080000000, 0x00000000d4300000, 0x00000000d5580000)
  object space 1379328K, 0% used [0x0000000080000000,0x0000000080002000,0x00000000d4300000)
 Metaspace       used 13082K, capacity 13206K, committed 13440K, reserved 1060864K
  class space    used 1849K, capacity 1906K, committed 1920K, reserved 1048576K
*** Iteration 8
OpenJDK 64-Bit Server VM (25.91-b14) for linux-amd64 JRE (1.8.0_91-8u91-b14-2-b14), built on Apr 22 2016 23:10:09 by "buildd" with gcc 5.3.1 20160409
Memory: 4k page, physical 132271440k(31979896k free), swap 5324796k(5324796k free)
CommandLine flags: -XX:InitialHeapSize=2116343040 -XX:MaxHeapSize=2147483648 -XX:+PrintGC -XX:+PrintGCDetails -XX:+PrintGCTimeStamps -XX:+UseCompressedClassPointers -XX:+UseCompressedOops -XX:+UseParallelGC 
0.872: [GC (Allocation Failure) [PSYoungGen: 517120K->9530K(603136K)] 517120K->9538K(1982464K), 0.1134997 secs] [Times: user=0.60 sys=0.02, real=0.12 secs] 
Heap
 PSYoungGen      total 603136K, used 496731K [0x00000000d5580000, 0x0000000100000000, 0x0000000100000000)
  eden space 517120K, 94% used [0x00000000d5580000,0x00000000f3148058,0x00000000f4e80000)
  from space 86016K, 11% used [0x00000000f4e80000,0x00000000f57cebd0,0x00000000fa280000)
  to   space 86016K, 0% used [0x00000000fac00000,0x00000000fac00000,0x0000000100000000)
 ParOldGen       total 1379328K, used 8K [0x0000000080000000, 0x00000000d4300000, 0x00000000d5580000)
  object space 1379328K, 0% used [0x0000000080000000,0x0000000080002000,0x00000000d4300000)
 Metaspace       used 13096K, capacity 13206K, committed 13440K, reserved 1060864K
  class space    used 1849K, capacity 1906K, committed 1920K, reserved 1048576K
*** Iteration 9
OpenJDK 64-Bit Server VM (25.91-b14) for linux-amd64 JRE (1.8.0_91-8u91-b14-2-b14), built on Apr 22 2016 23:10:09 by "buildd" with gcc 5.3.1 20160409
Memory: 4k page, physical 132271440k(31977656k free), swap 5324796k(5324796k free)
CommandLine flags: -XX:InitialHeapSize=2116343040 -XX:MaxHeapSize=2147483648 -XX:+PrintGC -XX:+PrintGCDetails -XX:+PrintGCTimeStamps -XX:+UseCompressedClassPointers -XX:+UseCompressedOops -XX:+UseParallelGC 
0.970: [GC (Allocation Failure) [PSYoungGen: 517120K->11305K(603136K)] 517120K->11313K(1982464K), 0.3966199 secs] [Times: user=5.78 sys=0.02, real=0.40 secs] 
14.628: [GC (Allocation Failure) [PSYoungGen: 528425K->13953K(612864K)] 528433K->13969K(1992192K), 0.3697868 secs] [Times: user=5.76 sys=0.01, real=0.37 secs] 
Heap
 PSYoungGen      total 612864K, used 75627K [0x00000000d5580000, 0x0000000100000000, 0x0000000100000000)
  eden space 526848K, 11% used [0x00000000d5580000,0x00000000d91ba848,0x00000000f5800000)
  from space 86016K, 16% used [0x00000000fac00000,0x00000000fb9a06a0,0x0000000100000000)
  to   space 86016K, 0% used [0x00000000f5800000,0x00000000f5800000,0x00000000fac00000)
 ParOldGen       total 1379328K, used 16K [0x0000000080000000, 0x00000000d4300000, 0x00000000d5580000)
  object space 1379328K, 0% used [0x0000000080000000,0x0000000080004000,0x00000000d4300000)
 Metaspace       used 13137K, capacity 13270K, committed 13440K, reserved 1060864K
  class space    used 1849K, capacity 1906K, committed 1920K, reserved 1048576K
*** Iteration 10
OpenJDK 64-Bit Server VM (25.91-b14) for linux-amd64 JRE (1.8.0_91-8u91-b14-2-b14), built on Apr 22 2016 23:10:09 by "buildd" with gcc 5.3.1 20160409
Memory: 4k page, physical 132271440k(31980552k free), swap 5324796k(5324796k free)
CommandLine flags: -XX:InitialHeapSize=2116343040 -XX:MaxHeapSize=2147483648 -XX:+PrintGC -XX:+PrintGCDetails -XX:+PrintGCTimeStamps -XX:+UseCompressedClassPointers -XX:+UseCompressedOops -XX:+UseParallelGC 
0.752: [GC (Allocation Failure) [PSYoungGen: 517120K->6154K(603136K)] 517120K->6162K(1982464K), 0.0283943 secs] [Times: user=0.19 sys=0.00, real=0.02 secs] 
12.492: [GC (Allocation Failure) [PSYoungGen: 523274K->58033K(612864K)] 523282K->58049K(1992192K), 2.1685352 secs] [Times: user=34.44 sys=0.03, real=2.17 secs] 
Heap
 PSYoungGen      total 612864K, used 136002K [0x00000000d5580000, 0x0000000100000000, 0x0000000100000000)
  eden space 526848K, 14% used [0x00000000d5580000,0x00000000da1a41e0,0x00000000f5800000)
  from space 86016K, 67% used [0x00000000fac00000,0x00000000fe4ac6e0,0x0000000100000000)
  to   space 86016K, 0% used [0x00000000f5800000,0x00000000f5800000,0x00000000fac00000)
 ParOldGen       total 1379328K, used 16K [0x0000000080000000, 0x00000000d4300000, 0x00000000d5580000)
  object space 1379328K, 0% used [0x0000000080000000,0x0000000080004000,0x00000000d4300000)
 Metaspace       used 13126K, capacity 13270K, committed 13440K, reserved 1060864K
  class space    used 1850K, capacity 1906K, committed 1920K, reserved 1048576K
*** Iteration 1
OpenJDK 64-Bit Server VM (25.91-b14) for linux-amd64 JRE (1.8.0_91-8u91-b14-2-b14), built on Apr 22 2016 23:10:09 by "buildd" with gcc 5.3.1 20160409
Memory: 4k page, physical 132271440k(31981184k free), swap 5324796k(5324796k free)
CommandLine flags: -XX:InitialHeapSize=2116343040 -XX:MaxHeapSize=2147483648 -XX:+PrintGC -XX:+PrintGCDetails -XX:+PrintGCTimeStamps -XX:+UseCompressedClassPointers -XX:+UseCompressedOops -XX:+UseParallelGC 
0.744: [GC (Allocation Failure) [PSYoungGen: 517120K->4250K(603136K)] 517120K->4258K(1982464K), 0.0133641 secs] [Times: user=0.07 sys=0.01, real=0.01 secs] 
Heap
 PSYoungGen      total 603136K, used 476366K [0x00000000d5580000, 0x0000000100000000, 0x0000000100000000)
  eden space 517120K, 91% used [0x00000000d5580000,0x00000000f228d030,0x00000000f4e80000)
  from space 86016K, 4% used [0x00000000f4e80000,0x00000000f52a6b90,0x00000000fa280000)
  to   space 86016K, 0% used [0x00000000fac00000,0x00000000fac00000,0x0000000100000000)
 ParOldGen       total 1379328K, used 8K [0x0000000080000000, 0x00000000d4300000, 0x00000000d5580000)
  object space 1379328K, 0% used [0x0000000080000000,0x0000000080002000,0x00000000d4300000)
 Metaspace       used 13126K, capacity 13270K, committed 13440K, reserved 1060864K
  class space    used 1849K, capacity 1906K, committed 1920K, reserved 1048576K
*** Iteration 2
OpenJDK 64-Bit Server VM (25.91-b14) for linux-amd64 JRE (1.8.0_91-8u91-b14-2-b14), built on Apr 22 2016 23:10:09 by "buildd" with gcc 5.3.1 20160409
Memory: 4k page, physical 132271440k(31980676k free), swap 5324796k(5324796k free)
CommandLine flags: -XX:InitialHeapSize=2116343040 -XX:MaxHeapSize=2147483648 -XX:+PrintGC -XX:+PrintGCDetails -XX:+PrintGCTimeStamps -XX:+UseCompressedClassPointers -XX:+UseCompressedOops -XX:+UseParallelGC 
0.748: [GC (Allocation Failure) [PSYoungGen: 517120K->5322K(603136K)] 517120K->5330K(1982464K), 0.0501970 secs] [Times: user=0.42 sys=0.01, real=0.05 secs] 
Heap
 PSYoungGen      total 603136K, used 498492K [0x00000000d5580000, 0x0000000100000000, 0x0000000100000000)
  eden space 517120K, 95% used [0x00000000d5580000,0x00000000f371c7f8,0x00000000f4e80000)
  from space 86016K, 6% used [0x00000000f4e80000,0x00000000f53b2818,0x00000000fa280000)
  to   space 86016K, 0% used [0x00000000fac00000,0x00000000fac00000,0x0000000100000000)
 ParOldGen       total 1379328K, used 8K [0x0000000080000000, 0x00000000d4300000, 0x00000000d5580000)
  object space 1379328K, 0% used [0x0000000080000000,0x0000000080002000,0x00000000d4300000)
 Metaspace       used 13147K, capacity 13270K, committed 13440K, reserved 1060864K
  class space    used 1851K, capacity 1906K, committed 1920K, reserved 1048576K
*** Iteration 3
OpenJDK 64-Bit Server VM (25.91-b14) for linux-amd64 JRE (1.8.0_91-8u91-b14-2-b14), built on Apr 22 2016 23:10:09 by "buildd" with gcc 5.3.1 20160409
Memory: 4k page, physical 132271440k(31978424k free), swap 5324796k(5324796k free)
CommandLine flags: -XX:InitialHeapSize=2116343040 -XX:MaxHeapSize=2147483648 -XX:+PrintGC -XX:+PrintGCDetails -XX:+PrintGCTimeStamps -XX:+UseCompressedClassPointers -XX:+UseCompressedOops -XX:+UseParallelGC 
0.807: [GC (Allocation Failure) [PSYoungGen: 517120K->6538K(603136K)] 517120K->6546K(1982464K), 0.1414115 secs] [Times: user=2.69 sys=0.00, real=0.14 secs] 
Heap
 PSYoungGen      total 603136K, used 460325K [0x00000000d5580000, 0x0000000100000000, 0x0000000100000000)
  eden space 517120K, 87% used [0x00000000d5580000,0x00000000f10a6e70,0x00000000f4e80000)
  from space 86016K, 7% used [0x00000000f4e80000,0x00000000f54e2818,0x00000000fa280000)
  to   space 86016K, 0% used [0x00000000fac00000,0x00000000fac00000,0x0000000100000000)
 ParOldGen       total 1379328K, used 8K [0x0000000080000000, 0x00000000d4300000, 0x00000000d5580000)
  object space 1379328K, 0% used [0x0000000080000000,0x0000000080002000,0x00000000d4300000)
 Metaspace       used 13090K, capacity 13206K, committed 13440K, reserved 1060864K
  class space    used 1849K, capacity 1906K, committed 1920K, reserved 1048576K
*** Iteration 4
OpenJDK 64-Bit Server VM (25.91-b14) for linux-amd64 JRE (1.8.0_91-8u91-b14-2-b14), built on Apr 22 2016 23:10:09 by "buildd" with gcc 5.3.1 20160409
Memory: 4k page, physical 132271440k(31980356k free), swap 5324796k(5324796k free)
CommandLine flags: -XX:InitialHeapSize=2116343040 -XX:MaxHeapSize=2147483648 -XX:+PrintGC -XX:+PrintGCDetails -XX:+PrintGCTimeStamps -XX:+UseCompressedClassPointers -XX:+UseCompressedOops -XX:+UseParallelGC 
0.787: [GC (Allocation Failure) [PSYoungGen: 517120K->6890K(603136K)] 517120K->6898K(1982464K), 0.0829052 secs] [Times: user=1.05 sys=0.01, real=0.08 secs] 
Heap
 PSYoungGen      total 603136K, used 493359K [0x00000000d5580000, 0x0000000100000000, 0x0000000100000000)
  eden space 517120K, 94% used [0x00000000d5580000,0x00000000f30914b8,0x00000000f4e80000)
  from space 86016K, 8% used [0x00000000f4e80000,0x00000000f553a818,0x00000000fa280000)
  to   space 86016K, 0% used [0x00000000fac00000,0x00000000fac00000,0x0000000100000000)
 ParOldGen       total 1379328K, used 8K [0x0000000080000000, 0x00000000d4300000, 0x00000000d5580000)
  object space 1379328K, 0% used [0x0000000080000000,0x0000000080002000,0x00000000d4300000)
 Metaspace       used 13148K, capacity 13270K, committed 13440K, reserved 1060864K
  class space    used 1849K, capacity 1906K, committed 1920K, reserved 1048576K
*** Iteration 5
OpenJDK 64-Bit Server VM (25.91-b14) for linux-amd64 JRE (1.8.0_91-8u91-b14-2-b14), built on Apr 22 2016 23:10:09 by "buildd" with gcc 5.3.1 20160409
Memory: 4k page, physical 132271440k(31979976k free), swap 5324796k(5324796k free)
CommandLine flags: -XX:InitialHeapSize=2116343040 -XX:MaxHeapSize=2147483648 -XX:+PrintGC -XX:+PrintGCDetails -XX:+PrintGCTimeStamps -XX:+UseCompressedClassPointers -XX:+UseCompressedOops -XX:+UseParallelGC 
0.733: [GC (Allocation Failure) [PSYoungGen: 517120K->4841K(603136K)] 517120K->4849K(1982464K), 0.0218310 secs] [Times: user=0.15 sys=0.00, real=0.02 secs] 
Heap
 PSYoungGen      total 603136K, used 467777K [0x00000000d5580000, 0x0000000100000000, 0x0000000100000000)
  eden space 517120K, 89% used [0x00000000d5580000,0x00000000f1995d60,0x00000000f4e80000)
  from space 86016K, 5% used [0x00000000f4e80000,0x00000000f533a7f8,0x00000000fa280000)
  to   space 86016K, 0% used [0x00000000fac00000,0x00000000fac00000,0x0000000100000000)
 ParOldGen       total 1379328K, used 8K [0x0000000080000000, 0x00000000d4300000, 0x00000000d5580000)
  object space 1379328K, 0% used [0x0000000080000000,0x0000000080002000,0x00000000d4300000)
 Metaspace       used 13116K, capacity 13270K, committed 13440K, reserved 1060864K
  class space    used 1850K, capacity 1906K, committed 1920K, reserved 1048576K
*** Iteration 6
OpenJDK 64-Bit Server VM (25.91-b14) for linux-amd64 JRE (1.8.0_91-8u91-b14-2-b14), built on Apr 22 2016 23:10:09 by "buildd" with gcc 5.3.1 20160409
Memory: 4k page, physical 132271440k(31982112k free), swap 5324796k(5324796k free)
CommandLine flags: -XX:InitialHeapSize=2116343040 -XX:MaxHeapSize=2147483648 -XX:+PrintGC -XX:+PrintGCDetails -XX:+PrintGCTimeStamps -XX:+UseCompressedClassPointers -XX:+UseCompressedOops -XX:+UseParallelGC 
0.680: [GC (Allocation Failure) [PSYoungGen: 517120K->3977K(603136K)] 517120K->3985K(1982464K), 0.0107679 secs] [Times: user=0.05 sys=0.01, real=0.00 secs] 
Heap
 PSYoungGen      total 603136K, used 484051K [0x00000000d5580000, 0x0000000100000000, 0x0000000100000000)
  eden space 517120K, 92% used [0x00000000d5580000,0x00000000f2a52780,0x00000000f4e80000)
  from space 86016K, 4% used [0x00000000f4e80000,0x00000000f52627b8,0x00000000fa280000)
  to   space 86016K, 0% used [0x00000000fac00000,0x00000000fac00000,0x0000000100000000)
 ParOldGen       total 1379328K, used 8K [0x0000000080000000, 0x00000000d4300000, 0x00000000d5580000)
  object space 1379328K, 0% used [0x0000000080000000,0x0000000080002000,0x00000000d4300000)
 Metaspace       used 13110K, capacity 13206K, committed 13440K, reserved 1060864K
  class space    used 1850K, capacity 1906K, committed 1920K, reserved 1048576K
*** Iteration 7
OpenJDK 64-Bit Server VM (25.91-b14) for linux-amd64 JRE (1.8.0_91-8u91-b14-2-b14), built on Apr 22 2016 23:10:09 by "buildd" with gcc 5.3.1 20160409
Memory: 4k page, physical 132271440k(31982800k free), swap 5324796k(5324796k free)
CommandLine flags: -XX:InitialHeapSize=2116343040 -XX:MaxHeapSize=2147483648 -XX:+PrintGC -XX:+PrintGCDetails -XX:+PrintGCTimeStamps -XX:+UseCompressedClassPointers -XX:+UseCompressedOops -XX:+UseParallelGC 
0.783: [GC (Allocation Failure) [PSYoungGen: 517120K->5962K(603136K)] 517120K->5970K(1982464K), 0.0874834 secs] [Times: user=1.55 sys=0.01, real=0.09 secs] 
Heap
 PSYoungGen      total 603136K, used 492366K [0x00000000d5580000, 0x0000000100000000, 0x0000000100000000)
  eden space 517120K, 94% used [0x00000000d5580000,0x00000000f30810e8,0x00000000f4e80000)
  from space 86016K, 6% used [0x00000000f4e80000,0x00000000f5452838,0x00000000fa280000)
  to   space 86016K, 0% used [0x00000000fac00000,0x00000000fac00000,0x0000000100000000)
 ParOldGen       total 1379328K, used 8K [0x0000000080000000, 0x00000000d4300000, 0x00000000d5580000)
  object space 1379328K, 0% used [0x0000000080000000,0x0000000080002000,0x00000000d4300000)
 Metaspace       used 13110K, capacity 13206K, committed 13440K, reserved 1060864K
  class space    used 1849K, capacity 1906K, committed 1920K, reserved 1048576K
*** Iteration 8
OpenJDK 64-Bit Server VM (25.91-b14) for linux-amd64 JRE (1.8.0_91-8u91-b14-2-b14), built on Apr 22 2016 23:10:09 by "buildd" with gcc 5.3.1 20160409
Memory: 4k page, physical 132271440k(31979500k free), swap 5324796k(5324796k free)
CommandLine flags: -XX:InitialHeapSize=2116343040 -XX:MaxHeapSize=2147483648 -XX:+PrintGC -XX:+PrintGCDetails -XX:+PrintGCTimeStamps -XX:+UseCompressedClassPointers -XX:+UseCompressedOops -XX:+UseParallelGC 
0.839: [GC (Allocation Failure) [PSYoungGen: 517120K->8074K(603136K)] 517120K->8082K(1982464K), 0.2195107 secs] [Times: user=3.88 sys=0.00, real=0.22 secs] 
Heap
 PSYoungGen      total 603136K, used 468623K [0x00000000d5580000, 0x0000000100000000, 0x0000000100000000)
  eden space 517120K, 89% used [0x00000000d5580000,0x00000000f1741240,0x00000000f4e80000)
  from space 86016K, 9% used [0x00000000f4e80000,0x00000000f5662bd0,0x00000000fa280000)
  to   space 86016K, 0% used [0x00000000fac00000,0x00000000fac00000,0x0000000100000000)
 ParOldGen       total 1379328K, used 8K [0x0000000080000000, 0x00000000d4300000, 0x00000000d5580000)
  object space 1379328K, 0% used [0x0000000080000000,0x0000000080002000,0x00000000d4300000)
 Metaspace       used 13088K, capacity 13206K, committed 13440K, reserved 1060864K
  class space    used 1850K, capacity 1906K, committed 1920K, reserved 1048576K
*** Iteration 9
OpenJDK 64-Bit Server VM (25.91-b14) for linux-amd64 JRE (1.8.0_91-8u91-b14-2-b14), built on Apr 22 2016 23:10:09 by "buildd" with gcc 5.3.1 20160409
Memory: 4k page, physical 132271440k(31974076k free), swap 5324796k(5324796k free)
CommandLine flags: -XX:InitialHeapSize=2116343040 -XX:MaxHeapSize=2147483648 -XX:+PrintGC -XX:+PrintGCDetails -XX:+PrintGCTimeStamps -XX:+UseCompressedClassPointers -XX:+UseCompressedOops -XX:+UseParallelGC 
0.719: [GC (Allocation Failure) [PSYoungGen: 517120K->4249K(603136K)] 517120K->4257K(1982464K), 0.0135560 secs] [Times: user=0.05 sys=0.01, real=0.01 secs] 
Heap
 PSYoungGen      total 603136K, used 462810K [0x00000000d5580000, 0x0000000100000000, 0x0000000100000000)
  eden space 517120K, 88% used [0x00000000d5580000,0x00000000f1550178,0x00000000f4e80000)
  from space 86016K, 4% used [0x00000000f4e80000,0x00000000f52a6798,0x00000000fa280000)
  to   space 86016K, 0% used [0x00000000fac00000,0x00000000fac00000,0x0000000100000000)
 ParOldGen       total 1379328K, used 8K [0x0000000080000000, 0x00000000d4300000, 0x00000000d5580000)
  object space 1379328K, 0% used [0x0000000080000000,0x0000000080002000,0x00000000d4300000)
 Metaspace       used 13188K, capacity 13334K, committed 13440K, reserved 1060864K
  class space    used 1851K, capacity 1906K, committed 1920K, reserved 1048576K
*** Iteration 10
OpenJDK 64-Bit Server VM (25.91-b14) for linux-amd64 JRE (1.8.0_91-8u91-b14-2-b14), built on Apr 22 2016 23:10:09 by "buildd" with gcc 5.3.1 20160409
Memory: 4k page, physical 132271440k(31979184k free), swap 5324796k(5324796k free)
CommandLine flags: -XX:InitialHeapSize=2116343040 -XX:MaxHeapSize=2147483648 -XX:+PrintGC -XX:+PrintGCDetails -XX:+PrintGCTimeStamps -XX:+UseCompressedClassPointers -XX:+UseCompressedOops -XX:+UseParallelGC 
0.745: [GC (Allocation Failure) [PSYoungGen: 517120K->4666K(603136K)] 517120K->4674K(1982464K), 0.0123038 secs] [Times: user=0.10 sys=0.01, real=0.01 secs] 
Heap
 PSYoungGen      total 603136K, used 470419K [0x00000000d5580000, 0x0000000100000000, 0x0000000100000000)
  eden space 517120K, 90% used [0x00000000d5580000,0x00000000f1c560f0,0x00000000f4e80000)
  from space 86016K, 5% used [0x00000000f4e80000,0x00000000f530ebc0,0x00000000fa280000)
  to   space 86016K, 0% used [0x00000000fac00000,0x00000000fac00000,0x0000000100000000)
 ParOldGen       total 1379328K, used 8K [0x0000000080000000, 0x00000000d4300000, 0x00000000d5580000)
  object space 1379328K, 0% used [0x0000000080000000,0x0000000080002000,0x00000000d4300000)
 Metaspace       used 13157K, capacity 13270K, committed 13440K, reserved 1060864K
  class space    used 1850K, capacity 1906K, committed 1920K, reserved 1048576K
*** Iteration 1
OpenJDK 64-Bit Server VM (25.91-b14) for linux-amd64 JRE (1.8.0_91-8u91-b14-2-b14), built on Apr 22 2016 23:10:09 by "buildd" with gcc 5.3.1 20160409
Memory: 4k page, physical 132271440k(31977692k free), swap 5324796k(5324796k free)
CommandLine flags: -XX:InitialHeapSize=2116343040 -XX:MaxHeapSize=2147483648 -XX:+PrintGC -XX:+PrintGCDetails -XX:+PrintGCTimeStamps -XX:+UseCompressedClassPointers -XX:+UseCompressedOops -XX:+UseParallelGC 
0.672: [GC (Allocation Failure) [PSYoungGen: 517120K->4570K(603136K)] 517120K->4578K(1982464K), 0.0099408 secs] [Times: user=0.08 sys=0.00, real=0.01 secs] 
Heap
 PSYoungGen      total 603136K, used 501717K [0x00000000d5580000, 0x0000000100000000, 0x0000000100000000)
  eden space 517120K, 96% used [0x00000000d5580000,0x00000000f3afe950,0x00000000f4e80000)
  from space 86016K, 5% used [0x00000000f4e80000,0x00000000f52f6b70,0x00000000fa280000)
  to   space 86016K, 0% used [0x00000000fac00000,0x00000000fac00000,0x0000000100000000)
 ParOldGen       total 1379328K, used 8K [0x0000000080000000, 0x00000000d4300000, 0x00000000d5580000)
  object space 1379328K, 0% used [0x0000000080000000,0x0000000080002000,0x00000000d4300000)
 Metaspace       used 13179K, capacity 13334K, committed 13440K, reserved 1060864K
  class space    used 1851K, capacity 1906K, committed 1920K, reserved 1048576K
*** Iteration 2
OpenJDK 64-Bit Server VM (25.91-b14) for linux-amd64 JRE (1.8.0_91-8u91-b14-2-b14), built on Apr 22 2016 23:10:09 by "buildd" with gcc 5.3.1 20160409
Memory: 4k page, physical 132271440k(31987120k free), swap 5324796k(5324796k free)
CommandLine flags: -XX:InitialHeapSize=2116343040 -XX:MaxHeapSize=2147483648 -XX:+PrintGC -XX:+PrintGCDetails -XX:+PrintGCTimeStamps -XX:+UseCompressedClassPointers -XX:+UseCompressedOops -XX:+UseParallelGC 
0.670: [GC (Allocation Failure) [PSYoungGen: 517120K->4474K(603136K)] 517120K->4482K(1982464K), 0.0088012 secs] [Times: user=0.07 sys=0.00, real=0.01 secs] 
Heap
 PSYoungGen      total 603136K, used 474574K [0x00000000d5580000, 0x0000000100000000, 0x0000000100000000)
  eden space 517120K, 90% used [0x00000000d5580000,0x00000000f2094e88,0x00000000f4e80000)
  from space 86016K, 5% used [0x00000000f4e80000,0x00000000f52deb50,0x00000000fa280000)
  to   space 86016K, 0% used [0x00000000fac00000,0x00000000fac00000,0x0000000100000000)
 ParOldGen       total 1379328K, used 8K [0x0000000080000000, 0x00000000d4300000, 0x00000000d5580000)
  object space 1379328K, 0% used [0x0000000080000000,0x0000000080002000,0x00000000d4300000)
 Metaspace       used 13146K, capacity 13270K, committed 13440K, reserved 1060864K
  class space    used 1850K, capacity 1906K, committed 1920K, reserved 1048576K
*** Iteration 3
OpenJDK 64-Bit Server VM (25.91-b14) for linux-amd64 JRE (1.8.0_91-8u91-b14-2-b14), built on Apr 22 2016 23:10:09 by "buildd" with gcc 5.3.1 20160409
Memory: 4k page, physical 132271440k(31986244k free), swap 5324796k(5324796k free)
CommandLine flags: -XX:InitialHeapSize=2116343040 -XX:MaxHeapSize=2147483648 -XX:+PrintGC -XX:+PrintGCDetails -XX:+PrintGCTimeStamps -XX:+UseCompressedClassPointers -XX:+UseCompressedOops -XX:+UseParallelGC 
0.671: [GC (Allocation Failure) [PSYoungGen: 517120K->4073K(603136K)] 517120K->4081K(1982464K), 0.0104190 secs] [Times: user=0.08 sys=0.00, real=0.01 secs] 
Heap
 PSYoungGen      total 603136K, used 448412K [0x00000000d5580000, 0x0000000100000000, 0x0000000100000000)
  eden space 517120K, 85% used [0x00000000d5580000,0x00000000f076ca48,0x00000000f4e80000)
  from space 86016K, 4% used [0x00000000f4e80000,0x00000000f527a788,0x00000000fa280000)
  to   space 86016K, 0% used [0x00000000fac00000,0x00000000fac00000,0x0000000100000000)
 ParOldGen       total 1379328K, used 8K [0x0000000080000000, 0x00000000d4300000, 0x00000000d5580000)
  object space 1379328K, 0% used [0x0000000080000000,0x0000000080002000,0x00000000d4300000)
 Metaspace       used 13116K, capacity 13270K, committed 13440K, reserved 1060864K
  class space    used 1849K, capacity 1906K, committed 1920K, reserved 1048576K
*** Iteration 4
OpenJDK 64-Bit Server VM (25.91-b14) for linux-amd64 JRE (1.8.0_91-8u91-b14-2-b14), built on Apr 22 2016 23:10:09 by "buildd" with gcc 5.3.1 20160409
Memory: 4k page, physical 132271440k(31987420k free), swap 5324796k(5324796k free)
CommandLine flags: -XX:InitialHeapSize=2116343040 -XX:MaxHeapSize=2147483648 -XX:+PrintGC -XX:+PrintGCDetails -XX:+PrintGCTimeStamps -XX:+UseCompressedClassPointers -XX:+UseCompressedOops -XX:+UseParallelGC 
0.680: [GC (Allocation Failure) [PSYoungGen: 517120K->4777K(603136K)] 517120K->4785K(1982464K), 0.0088513 secs] [Times: user=0.05 sys=0.00, real=0.01 secs] 
Heap
 PSYoungGen      total 603136K, used 464934K [0x00000000d5580000, 0x0000000100000000, 0x0000000100000000)
  eden space 517120K, 88% used [0x00000000d5580000,0x00000000f16df090,0x00000000f4e80000)
  from space 86016K, 5% used [0x00000000f4e80000,0x00000000f532a7c8,0x00000000fa280000)
  to   space 86016K, 0% used [0x00000000fac00000,0x00000000fac00000,0x0000000100000000)
 ParOldGen       total 1379328K, used 8K [0x0000000080000000, 0x00000000d4300000, 0x00000000d5580000)
  object space 1379328K, 0% used [0x0000000080000000,0x0000000080002000,0x00000000d4300000)
 Metaspace       used 13167K, capacity 13270K, committed 13440K, reserved 1060864K
  class space    used 1849K, capacity 1906K, committed 1920K, reserved 1048576K
*** Iteration 5
OpenJDK 64-Bit Server VM (25.91-b14) for linux-amd64 JRE (1.8.0_91-8u91-b14-2-b14), built on Apr 22 2016 23:10:09 by "buildd" with gcc 5.3.1 20160409
Memory: 4k page, physical 132271440k(31984912k free), swap 5324796k(5324796k free)
CommandLine flags: -XX:InitialHeapSize=2116343040 -XX:MaxHeapSize=2147483648 -XX:+PrintGC -XX:+PrintGCDetails -XX:+PrintGCTimeStamps -XX:+UseCompressedClassPointers -XX:+UseCompressedOops -XX:+UseParallelGC 
0.692: [GC (Allocation Failure) [PSYoungGen: 517120K->4090K(603136K)] 517120K->4098K(1982464K), 0.0101368 secs] [Times: user=0.08 sys=0.01, real=0.01 secs] 
Heap
 PSYoungGen      total 603136K, used 467886K [0x00000000d5580000, 0x0000000100000000, 0x0000000100000000)
  eden space 517120K, 89% used [0x00000000d5580000,0x00000000f1a6d058,0x00000000f4e80000)
  from space 86016K, 4% used [0x00000000f4e80000,0x00000000f527eb60,0x00000000fa280000)
  to   space 86016K, 0% used [0x00000000fac00000,0x00000000fac00000,0x0000000100000000)
 ParOldGen       total 1379328K, used 8K [0x0000000080000000, 0x00000000d4300000, 0x00000000d5580000)
  object space 1379328K, 0% used [0x0000000080000000,0x0000000080002000,0x00000000d4300000)
 Metaspace       used 13136K, capacity 13270K, committed 13440K, reserved 1060864K
  class space    used 1851K, capacity 1906K, committed 1920K, reserved 1048576K
*** Iteration 6
OpenJDK 64-Bit Server VM (25.91-b14) for linux-amd64 JRE (1.8.0_91-8u91-b14-2-b14), built on Apr 22 2016 23:10:09 by "buildd" with gcc 5.3.1 20160409
Memory: 4k page, physical 132271440k(31988380k free), swap 5324796k(5324796k free)
CommandLine flags: -XX:InitialHeapSize=2116343040 -XX:MaxHeapSize=2147483648 -XX:+PrintGC -XX:+PrintGCDetails -XX:+PrintGCTimeStamps -XX:+UseCompressedClassPointers -XX:+UseCompressedOops -XX:+UseParallelGC 
0.685: [GC (Allocation Failure) [PSYoungGen: 517120K->4778K(603136K)] 517120K->4786K(1982464K), 0.0104175 secs] [Times: user=0.08 sys=0.00, real=0.01 secs] 
Heap
 PSYoungGen      total 603136K, used 461747K [0x00000000d5580000, 0x0000000100000000, 0x0000000100000000)
  eden space 517120K, 88% used [0x00000000d5580000,0x00000000f13c2420,0x00000000f4e80000)
  from space 86016K, 5% used [0x00000000f4e80000,0x00000000f532ab50,0x00000000fa280000)
  to   space 86016K, 0% used [0x00000000fac00000,0x00000000fac00000,0x0000000100000000)
 ParOldGen       total 1379328K, used 8K [0x0000000080000000, 0x00000000d4300000, 0x00000000d5580000)
  object space 1379328K, 0% used [0x0000000080000000,0x0000000080002000,0x00000000d4300000)
 Metaspace       used 13146K, capacity 13270K, committed 13440K, reserved 1060864K
  class space    used 1850K, capacity 1906K, committed 1920K, reserved 1048576K
*** Iteration 7
OpenJDK 64-Bit Server VM (25.91-b14) for linux-amd64 JRE (1.8.0_91-8u91-b14-2-b14), built on Apr 22 2016 23:10:09 by "buildd" with gcc 5.3.1 20160409
Memory: 4k page, physical 132271440k(31986376k free), swap 5324796k(5324796k free)
CommandLine flags: -XX:InitialHeapSize=2116343040 -XX:MaxHeapSize=2147483648 -XX:+PrintGC -XX:+PrintGCDetails -XX:+PrintGCTimeStamps -XX:+UseCompressedClassPointers -XX:+UseCompressedOops -XX:+UseParallelGC 
0.673: [GC (Allocation Failure) [PSYoungGen: 517120K->3914K(603136K)] 517120K->3922K(1982464K), 0.0094095 secs] [Times: user=0.07 sys=0.00, real=0.00 secs] 
Heap
 PSYoungGen      total 603136K, used 472485K [0x00000000d5580000, 0x0000000100000000, 0x0000000100000000)
  eden space 517120K, 90% used [0x00000000d5580000,0x00000000f1f169d8,0x00000000f4e80000)
  from space 86016K, 4% used [0x00000000f4e80000,0x00000000f5252b30,0x00000000fa280000)
  to   space 86016K, 0% used [0x00000000fac00000,0x00000000fac00000,0x0000000100000000)
 ParOldGen       total 1379328K, used 8K [0x0000000080000000, 0x00000000d4300000, 0x00000000d5580000)
  object space 1379328K, 0% used [0x0000000080000000,0x0000000080002000,0x00000000d4300000)
 Metaspace       used 13176K, capacity 13270K, committed 13440K, reserved 1060864K
  class space    used 1851K, capacity 1906K, committed 1920K, reserved 1048576K
*** Iteration 8
OpenJDK 64-Bit Server VM (25.91-b14) for linux-amd64 JRE (1.8.0_91-8u91-b14-2-b14), built on Apr 22 2016 23:10:09 by "buildd" with gcc 5.3.1 20160409
Memory: 4k page, physical 132271440k(31985556k free), swap 5324796k(5324796k free)
CommandLine flags: -XX:InitialHeapSize=2116343040 -XX:MaxHeapSize=2147483648 -XX:+PrintGC -XX:+PrintGCDetails -XX:+PrintGCTimeStamps -XX:+UseCompressedClassPointers -XX:+UseCompressedOops -XX:+UseParallelGC 
0.686: [GC (Allocation Failure) [PSYoungGen: 517120K->4026K(603136K)] 517120K->4034K(1982464K), 0.0118315 secs] [Times: user=0.09 sys=0.01, real=0.01 secs] 
Heap
 PSYoungGen      total 603136K, used 474950K [0x00000000d5580000, 0x0000000100000000, 0x0000000100000000)
  eden space 517120K, 91% used [0x00000000d5580000,0x00000000f2162d60,0x00000000f4e80000)
  from space 86016K, 4% used [0x00000000f4e80000,0x00000000f526eb60,0x00000000fa280000)
  to   space 86016K, 0% used [0x00000000fac00000,0x00000000fac00000,0x0000000100000000)
 ParOldGen       total 1379328K, used 8K [0x0000000080000000, 0x00000000d4300000, 0x00000000d5580000)
  object space 1379328K, 0% used [0x0000000080000000,0x0000000080002000,0x00000000d4300000)
 Metaspace       used 13195K, capacity 13334K, committed 13440K, reserved 1060864K
  class space    used 1852K, capacity 1906K, committed 1920K, reserved 1048576K
*** Iteration 9
OpenJDK 64-Bit Server VM (25.91-b14) for linux-amd64 JRE (1.8.0_91-8u91-b14-2-b14), built on Apr 22 2016 23:10:09 by "buildd" with gcc 5.3.1 20160409
Memory: 4k page, physical 132271440k(31979316k free), swap 5324796k(5324796k free)
CommandLine flags: -XX:InitialHeapSize=2116343040 -XX:MaxHeapSize=2147483648 -XX:+PrintGC -XX:+PrintGCDetails -XX:+PrintGCTimeStamps -XX:+UseCompressedClassPointers -XX:+UseCompressedOops -XX:+UseParallelGC 
0.682: [GC (Allocation Failure) [PSYoungGen: 517120K->4377K(603136K)] 517120K->4385K(1982464K), 0.0092767 secs] [Times: user=0.07 sys=0.00, real=0.02 secs] 
Heap
 PSYoungGen      total 603136K, used 469732K [0x00000000d5580000, 0x0000000100000000, 0x0000000100000000)
  eden space 517120K, 89% used [0x00000000d5580000,0x00000000f1bf2be8,0x00000000f4e80000)
  from space 86016K, 5% used [0x00000000f4e80000,0x00000000f52c6758,0x00000000fa280000)
  to   space 86016K, 0% used [0x00000000fac00000,0x00000000fac00000,0x0000000100000000)
 ParOldGen       total 1379328K, used 8K [0x0000000080000000, 0x00000000d4300000, 0x00000000d5580000)
  object space 1379328K, 0% used [0x0000000080000000,0x0000000080002000,0x00000000d4300000)
 Metaspace       used 13173K, capacity 13270K, committed 13440K, reserved 1060864K
  class space    used 1850K, capacity 1906K, committed 1920K, reserved 1048576K
*** Iteration 10
OpenJDK 64-Bit Server VM (25.91-b14) for linux-amd64 JRE (1.8.0_91-8u91-b14-2-b14), built on Apr 22 2016 23:10:09 by "buildd" with gcc 5.3.1 20160409
Memory: 4k page, physical 132271440k(31984436k free), swap 5324796k(5324796k free)
CommandLine flags: -XX:InitialHeapSize=2116343040 -XX:MaxHeapSize=2147483648 -XX:+PrintGC -XX:+PrintGCDetails -XX:+PrintGCTimeStamps -XX:+UseCompressedClassPointers -XX:+UseCompressedOops -XX:+UseParallelGC 
0.674: [GC (Allocation Failure) [PSYoungGen: 517120K->4249K(603136K)] 517120K->4257K(1982464K), 0.0090690 secs] [Times: user=0.08 sys=0.00, real=0.01 secs] 
Heap
 PSYoungGen      total 603136K, used 464007K [0x00000000d5580000, 0x0000000100000000, 0x0000000100000000)
  eden space 517120K, 88% used [0x00000000d5580000,0x00000000f167b660,0x00000000f4e80000)
  from space 86016K, 4% used [0x00000000f4e80000,0x00000000f52a6768,0x00000000fa280000)
  to   space 86016K, 0% used [0x00000000fac00000,0x00000000fac00000,0x0000000100000000)
 ParOldGen       total 1379328K, used 8K [0x0000000080000000, 0x00000000d4300000, 0x00000000d5580000)
  object space 1379328K, 0% used [0x0000000080000000,0x0000000080002000,0x00000000d4300000)
 Metaspace       used 13140K, capacity 13270K, committed 13440K, reserved 1060864K
  class space    used 1850K, capacity 1906K, committed 1920K, reserved 1048576K
